2026-08-15T06:54:58Z [status-transition-ownership] Write /Users/songhongseob/vsCodeWorkSpace/openclass-ap/.moai/specs/SPEC-ENROLLMENT-001/spec.md status=draft
2026-08-15T06:57:04Z [status-transition-ownership] Write /Users/songhongseob/vsCodeWorkSpace/openclass-ap/.moai/specs/SPEC-ENROLLMENT-001/plan.md status=draft
2026-08-15T06:58:45Z [status-transition-ownership] Write /Users/songhongseob/vsCodeWorkSpace/openclass-ap/.moai/specs/SPEC-ENROLLMENT-001/acceptance.md status=draft
2026-08-15T07:24:24Z [status-transition-ownership] Write /Users/songhongseob/vsCodeWorkSpace/openclass-ap/.moai/specs/SPEC-AUTH-001/spec.md status=draft
2026-08-15T07:24:41Z [status-transition-ownership] Edit /Users/songhongseob/vsCodeWorkSpace/openclass-ap/.moai/specs/SPEC-AUTH-001/spec.md status=draft
2026-08-15T07:25:42Z [status-transition-ownership] Write /Users/songhongseob/vsCodeWorkSpace/openclass-ap/.moai/specs/SPEC-AUTH-001/acceptance.md status=draft
2026-08-15T07:26:57Z [status-transition-ownership] Write /Users/songhongseob/vsCodeWorkSpace/openclass-ap/.moai/specs/SPEC-AUTH-001/plan.md status=draft
2026-08-15T07:28:26Z [status-transition-ownership] Write /Users/songhongseob/vsCodeWorkSpace/openclass-ap/.moai/specs/SPEC-COURSE-001/spec.md status=draft
2026-08-15T07:29:35Z [status-transition-ownership] Write /Users/songhongseob/vsCodeWorkSpace/openclass-ap/.moai/specs/SPEC-COURSE-001/acceptance.md status=draft
2026-08-15T07:30:37Z [status-transition-ownership] Write /Users/songhongseob/vsCodeWorkSpace/openclass-ap/.moai/specs/SPEC-COURSE-001/plan.md status=draft
2026-08-15T07:34:13Z [status-transition-ownership] Write /Users/songhongseob/vsCodeWorkSpace/openclass-ap/.moai/specs/SPEC-ENROLLMENT-001/spec.md status=draft
2026-08-15T07:36:13Z [status-transition-ownership] Write /Users/songhongseob/vsCodeWorkSpace/openclass-ap/.moai/specs/SPEC-ENROLLMENT-001/research.md status=draft
2026-08-15T07:37:50Z [status-transition-ownership] Write /Users/songhongseob/vsCodeWorkSpace/openclass-ap/.moai/specs/SPEC-ENROLLMENT-001/design.md status=draft
2026-08-15T07:41:06Z [status-transition-ownership] Write /Users/songhongseob/vsCodeWorkSpace/openclass-ap/.moai/specs/SPEC-ENROLLMENT-001/acceptance.md status=draft
2026-08-15T07:43:36Z [status-transition-ownership] Write /Users/songhongseob/vsCodeWorkSpace/openclass-ap/.moai/specs/SPEC-ENROLLMENT-001/plan.md status=draft
2026-08-15T10:46:09Z [status-transition-ownership] Edit /Users/songhongseob/vsCodeWorkSpace/openclass-ap/.moai/specs/SPEC-AUTH-001/spec.md status=draft
2026-08-15T10:46:16Z [status-transition-ownership] Edit /Users/songhongseob/vsCodeWorkSpace/openclass-ap/.moai/specs/SPEC-AUTH-001/spec.md status=draft
2026-08-15T10:46:23Z [status-transition-ownership] Edit /Users/songhongseob/vsCodeWorkSpace/openclass-ap/.moai/specs/SPEC-AUTH-001/spec.md status=draft
2026-08-15T10:46:30Z [status-transition-ownership] Edit /Users/songhongseob/vsCodeWorkSpace/openclass-ap/.moai/specs/SPEC-AUTH-001/spec.md status=draft
2026-08-15T10:46:34Z [status-transition-ownership] Edit /Users/songhongseob/vsCodeWorkSpace/openclass-ap/.moai/specs/SPEC-AUTH-001/plan.md status=draft
2026-08-15T10:46:52Z [status-transition-ownership] Edit /Users/songhongseob/vsCodeWorkSpace/openclass-ap/.moai/specs/SPEC-AUTH-001/plan.md status=draft
2026-08-15T10:47:01Z [status-transition-ownership] Edit /Users/songhongseob/vsCodeWorkSpace/openclass-ap/.moai/specs/SPEC-AUTH-001/plan.md status=draft
2026-08-15T10:47:09Z [status-transition-ownership] Edit /Users/songhongseob/vsCodeWorkSpace/openclass-ap/.moai/specs/SPEC-AUTH-001/plan.md status=draft
2026-08-15T10:47:16Z [status-transition-ownership] Edit /Users/songhongseob/vsCodeWorkSpace/openclass-ap/.moai/specs/SPEC-AUTH-001/plan.md status=draft
2026-08-15T10:47:24Z [status-transition-ownership] Edit /Users/songhongseob/vsCodeWorkSpace/openclass-ap/.moai/specs/SPEC-AUTH-001/plan.md status=draft
2026-08-15T10:47:31Z [status-transition-ownership] Edit /Users/songhongseob/vsCodeWorkSpace/openclass-ap/.moai/specs/SPEC-AUTH-001/plan.md status=draft
2026-08-15T10:47:35Z [status-transition-ownership] Edit /Users/songhongseob/vsCodeWorkSpace/openclass-ap/.moai/specs/SPEC-AUTH-001/acceptance.md status=draft
2026-08-15T10:48:01Z [status-transition-ownership] Edit /Users/songhongseob/vsCodeWorkSpace/openclass-ap/.moai/specs/SPEC-AUTH-001/acceptance.md status=draft
2026-08-15T10:48:05Z [status-transition-ownership] Edit /Users/songhongseob/vsCodeWorkSpace/openclass-ap/.moai/specs/SPEC-AUTH-001/acceptance.md status=draft
2026-08-15T10:48:13Z [status-transition-ownership] Edit /Users/songhongseob/vsCodeWorkSpace/openclass-ap/.moai/specs/SPEC-AUTH-001/acceptance.md status=draft
2026-08-15T10:48:19Z [status-transition-ownership] Edit /Users/songhongseob/vsCodeWorkSpace/openclass-ap/.moai/specs/SPEC-AUTH-001/acceptance.md status=draft
2026-08-15T10:48:22Z [status-transition-ownership] Edit /Users/songhongseob/vsCodeWorkSpace/openclass-ap/.moai/specs/SPEC-COURSE-001/spec.md status=draft
2026-08-15T10:48:28Z [status-transition-ownership] Edit /Users/songhongseob/vsCodeWorkSpace/openclass-ap/.moai/specs/SPEC-COURSE-001/spec.md status=draft
2026-08-15T10:48:35Z [status-transition-ownership] Edit /Users/songhongseob/vsCodeWorkSpace/openclass-ap/.moai/specs/SPEC-COURSE-001/spec.md status=draft
2026-08-15T10:48:43Z [status-transition-ownership] Edit /Users/songhongseob/vsCodeWorkSpace/openclass-ap/.moai/specs/SPEC-COURSE-001/spec.md status=draft
2026-08-15T10:48:49Z [status-transition-ownership] Edit /Users/songhongseob/vsCodeWorkSpace/openclass-ap/.moai/specs/SPEC-COURSE-001/spec.md status=draft
2026-08-15T10:48:55Z [status-transition-ownership] Edit /Users/songhongseob/vsCodeWorkSpace/openclass-ap/.moai/specs/SPEC-COURSE-001/spec.md status=draft
2026-08-15T10:49:06Z [status-transition-ownership] Edit /Users/songhongseob/vsCodeWorkSpace/openclass-ap/.moai/specs/SPEC-COURSE-001/plan.md status=draft
2026-08-15T10:49:13Z [status-transition-ownership] Edit /Users/songhongseob/vsCodeWorkSpace/openclass-ap/.moai/specs/SPEC-COURSE-001/plan.md status=draft
2026-08-15T10:49:27Z [status-transition-ownership] Edit /Users/songhongseob/vsCodeWorkSpace/openclass-ap/.moai/specs/SPEC-COURSE-001/plan.md status=draft
2026-08-15T10:49:38Z [status-transition-ownership] Edit /Users/songhongseob/vsCodeWorkSpace/openclass-ap/.moai/specs/SPEC-COURSE-001/acceptance.md status=draft
2026-08-15T10:49:43Z [status-transition-ownership] Edit /Users/songhongseob/vsCodeWorkSpace/openclass-ap/.moai/specs/SPEC-COURSE-001/acceptance.md status=draft
2026-08-15T10:49:47Z [status-transition-ownership] Edit /Users/songhongseob/vsCodeWorkSpace/openclass-ap/.moai/specs/SPEC-COURSE-001/acceptance.md status=draft
2026-08-15T10:49:51Z [status-transition-ownership] Edit /Users/songhongseob/vsCodeWorkSpace/openclass-ap/.moai/specs/SPEC-ENROLLMENT-001/spec.md status=draft
2026-08-15T10:49:58Z [status-transition-ownership] Edit /Users/songhongseob/vsCodeWorkSpace/openclass-ap/.moai/specs/SPEC-ENROLLMENT-001/spec.md status=draft
2026-08-15T10:50:15Z [status-transition-ownership] Edit /Users/songhongseob/vsCodeWorkSpace/openclass-ap/.moai/specs/SPEC-ENROLLMENT-001/spec.md status=draft
2026-08-15T10:50:39Z [status-transition-ownership] Edit /Users/songhongseob/vsCodeWorkSpace/openclass-ap/.moai/specs/SPEC-ENROLLMENT-001/spec.md status=draft
2026-08-15T10:50:52Z [status-transition-ownership] Edit /Users/songhongseob/vsCodeWorkSpace/openclass-ap/.moai/specs/SPEC-ENROLLMENT-001/spec.md status=draft
2026-08-15T10:51:06Z [status-transition-ownership] Edit /Users/songhongseob/vsCodeWorkSpace/openclass-ap/.moai/specs/SPEC-ENROLLMENT-001/spec.md status=draft
2026-08-15T10:51:13Z [status-transition-ownership] Edit /Users/songhongseob/vsCodeWorkSpace/openclass-ap/.moai/specs/SPEC-ENROLLMENT-001/spec.md status=draft
2026-08-15T10:51:20Z [status-transition-ownership] Edit /Users/songhongseob/vsCodeWorkSpace/openclass-ap/.moai/specs/SPEC-ENROLLMENT-001/spec.md status=draft
2026-08-15T10:51:24Z [status-transition-ownership] Edit /Users/songhongseob/vsCodeWorkSpace/openclass-ap/.moai/specs/SPEC-ENROLLMENT-001/spec.md status=draft
2026-08-15T10:51:36Z [status-transition-ownership] Edit /Users/songhongseob/vsCodeWorkSpace/openclass-ap/.moai/specs/SPEC-ENROLLMENT-001/spec.md status=draft
2026-08-15T10:51:40Z [status-transition-ownership] Edit /Users/songhongseob/vsCodeWorkSpace/openclass-ap/.moai/specs/SPEC-ENROLLMENT-001/design.md status=draft
2026-08-15T10:51:55Z [status-transition-ownership] Edit /Users/songhongseob/vsCodeWorkSpace/openclass-ap/.moai/specs/SPEC-ENROLLMENT-001/design.md status=draft
2026-08-15T10:52:05Z [status-transition-ownership] Edit /Users/songhongseob/vsCodeWorkSpace/openclass-ap/.moai/specs/SPEC-ENROLLMENT-001/design.md status=draft
2026-08-15T10:52:22Z [status-transition-ownership] Edit /Users/songhongseob/vsCodeWorkSpace/openclass-ap/.moai/specs/SPEC-ENROLLMENT-001/design.md status=draft
2026-08-15T10:52:33Z [status-transition-ownership] Edit /Users/songhongseob/vsCodeWorkSpace/openclass-ap/.moai/specs/SPEC-ENROLLMENT-001/design.md status=draft
2026-08-15T10:52:37Z [status-transition-ownership] Edit /Users/songhongseob/vsCodeWorkSpace/openclass-ap/.moai/specs/SPEC-ENROLLMENT-001/design.md status=draft
2026-08-15T10:52:41Z [status-transition-ownership] Edit /Users/songhongseob/vsCodeWorkSpace/openclass-ap/.moai/specs/SPEC-ENROLLMENT-001/design.md status=draft
2026-08-15T10:52:55Z [status-transition-ownership] Edit /Users/songhongseob/vsCodeWorkSpace/openclass-ap/.moai/specs/SPEC-ENROLLMENT-001/design.md status=draft
2026-08-15T10:53:06Z [status-transition-ownership] Edit /Users/songhongseob/vsCodeWorkSpace/openclass-ap/.moai/specs/SPEC-ENROLLMENT-001/design.md status=draft
2026-08-15T10:53:23Z [status-transition-ownership] Edit /Users/songhongseob/vsCodeWorkSpace/openclass-ap/.moai/specs/SPEC-ENROLLMENT-001/research.md status=draft
2026-08-15T10:54:04Z [status-transition-ownership] Edit /Users/songhongseob/vsCodeWorkSpace/openclass-ap/.moai/specs/SPEC-ENROLLMENT-001/acceptance.md status=draft
2026-08-15T10:54:35Z [status-transition-ownership] Edit /Users/songhongseob/vsCodeWorkSpace/openclass-ap/.moai/specs/SPEC-ENROLLMENT-001/acceptance.md status=draft
2026-08-15T10:55:07Z [status-transition-ownership] Edit /Users/songhongseob/vsCodeWorkSpace/openclass-ap/.moai/specs/SPEC-ENROLLMENT-001/plan.md status=draft
2026-08-15T10:55:20Z [status-transition-ownership] Edit /Users/songhongseob/vsCodeWorkSpace/openclass-ap/.moai/specs/SPEC-ENROLLMENT-001/plan.md status=draft
2026-08-15T10:55:26Z [status-transition-ownership] Edit /Users/songhongseob/vsCodeWorkSpace/openclass-ap/.moai/specs/SPEC-ENROLLMENT-001/plan.md status=draft
2026-08-15T10:55:30Z [status-transition-ownership] Edit /Users/songhongseob/vsCodeWorkSpace/openclass-ap/.moai/specs/SPEC-ENROLLMENT-001/plan.md status=draft
2026-08-15T10:55:34Z [status-transition-ownership] Edit /Users/songhongseob/vsCodeWorkSpace/openclass-ap/.moai/specs/SPEC-ENROLLMENT-001/plan.md status=draft
2026-08-15T10:55:49Z [status-transition-ownership] Edit /Users/songhongseob/vsCodeWorkSpace/openclass-ap/.moai/specs/SPEC-ENROLLMENT-001/plan.md status=draft
